STAR version=2.7.10b
STAR compilation time,server,dir=2022-11-01T09:53:26-04:00 :/home/dobin/data/STAR/STARcode/STAR.master/source
STAR git: On branch master ; commit c6f8efc2c7043ef83bf8b0d9bed36bbb6b9b1133 ; diff files: CHANGES.md 
##### Command Line:
STAR --runMode genomeGenerate --genomeDir genomeDir --genomeFastaFiles genome.fa --sjdbFileChrStartEnd SJ.out.tab --sjdbOverhang 75 --runThreadN 4
##### Initial USER parameters from Command Line:
###### All USER parameters from Command Line:
runMode                       genomeGenerate        ~RE-DEFINED
genomeDir                     genomeDir     ~RE-DEFINED
genomeFastaFiles              genome.fa        ~RE-DEFINED
sjdbFileChrStartEnd           SJ.out.tab        ~RE-DEFINED
sjdbOverhang                  75     ~RE-DEFINED
runThreadN                    4     ~RE-DEFINED
##### Finished reading parameters from all sources

##### Final user re-defined parameters-----------------:
runMode                           genomeGenerate   
runThreadN                        4
genomeDir                         genomeDir
genomeFastaFiles                  genome.fa   
sjdbFileChrStartEnd               SJ.out.tab   
sjdbOverhang                      75

-------------------------------
##### Final effective command line:
STAR   --runMode genomeGenerate      --runThreadN 4   --genomeDir genomeDir   --genomeFastaFiles genome.fa      --sjdbFileChrStartEnd SJ.out.tab      --sjdbOverhang 75
----------------------------------------

Number of fastq files for each mate = 1
ParametersSolo: --soloCellFilterType CellRanger2.2 filtering parameters:  3000 0.99 10
Finished loading and checking parameters
--genomeDir directory exists and will be overwritten: genomeDir/
Feb 27 10:51:34 ... starting to generate Genome files
genome.fa : chr # 0  "chr22" chrStart: 0
Chromosome sequence lengths: 
chr22	51304566
Genome sequence total length = 51304566
Genome size with padding = 51380224
Feb 27 10:51:34   Loaded database junctions from the pGe.sjdbFileChrStartEnd file(s), total number of junctions:223

!!!!! WARNING: --genomeSAindexNbases 14 is too large for the genome size=51304566, which may cause seg-fault at the mapping step. Re-run genome generation with recommended --genomeSAindexNbases 11
Estimated genome size with padding and SJs: total=genome+SJ=202380224 = 51380224 + 151000000
GstrandBit=32
Number of SA indices: 69789090
Feb 27 10:51:34 ... starting to sort Suffix Array. This may take a long time...
Number of chunks: 4;   chunks size limit: 186104240 bytes
Feb 27 10:51:34 ... sorting Suffix Array chunks and saving them to disk...
Writing 6883888 bytes into genomeDir//SA_3 ; empty space on disk = 957658398720 bytes ... done
Writing 185767536 bytes into genomeDir//SA_0 ; empty space on disk = 957651513344 bytes ... done
Writing 179803448 bytes into genomeDir//SA_2 ; empty space on disk = 957465743360 bytes ... done
Writing 185857848 bytes into genomeDir//SA_1 ; empty space on disk = 957285937152 bytes ... done
Feb 27 10:51:42 ... loading chunks from disk, packing SA...
Feb 27 10:51:43 ... finished generating suffix array
Feb 27 10:51:43 ... generating Suffix Array index
Feb 27 10:51:53 ... completed Suffix Array index
Feb 27 10:51:53   Finished preparing junctions
Feb 27 10:51:53 ..... inserting junctions into the genome indices
Feb 27 10:51:53   Finished SA search: number of new junctions=223, old junctions=0
Feb 27 10:51:53   Finished sorting SA indicesL nInd=66900
Genome size with junctions=51413897  51380224   33673
GstrandBit1=32   GstrandBit=32
Feb 27 10:51:54   Finished inserting junction indices
Feb 27 10:51:58   Finished SAi
Feb 27 10:51:58 ..... finished inserting junctions into genome
Feb 27 10:51:58 ... writing Genome to disk ...
Writing 51413897 bytes into genomeDir//Genome ; empty space on disk = 957709815808 bytes ... done
SA size in bytes: 288155962
Feb 27 10:51:58 ... writing Suffix Array to disk ...
Writing 288155962 bytes into genomeDir//SA ; empty space on disk = 957946552320 bytes ... done
Feb 27 10:51:58 ... writing SAindex to disk
Writing 8 bytes into genomeDir//SAindex ; empty space on disk = 959224274944 bytes ... done
Writing 120 bytes into genomeDir//SAindex ; empty space on disk = 959224270848 bytes ... done
Writing 1565873491 bytes into genomeDir//SAindex ; empty space on disk = 959224270848 bytes ... done
Feb 27 10:51:59 ..... finished successfully
DONE: Genome generation, EXITING
